
[0;34m═══════════════════════════════════════════════════════════[0m
[0;34mFinanzas SD Module - Manual Testing[0m
[0;34m═══════════════════════════════════════════════════════════[0m

[0;34mℹ INFO:[0m Test Date: Fri Nov 14 08:57:04 AM UTC 2025
[0;34mℹ INFO:[0m API Base URL: https://m3g6am67aj.execute-api.us-east-2.amazonaws.com/dev
[0;34mℹ INFO:[0m Report File: test-results-20251114-085704.md

[0;34m═══════════════════════════════════════════════════════════[0m
[0;34mAuthentication[0m
[0;34m═══════════════════════════════════════════════════════════[0m

[1;33m▶ TEST:[0m Authenticating with Cognito (USER_PASSWORD_AUTH)
[0;32m✓ PASS:[0m Successfully authenticated with Cognito
